Starting curve merging with MLP at: Mon Apr 21 17:56:15 CEST 2025
/work/courses/3dv/24/clmm/src/test_curve_merging_mlp.py:91: FutureWarning: You are using `torch.load` with `weights_only=False` (the current default value), which uses the default pickle module implicitly. It is possible to construct malicious pickle data which will execute arbitrary code during unpickling (See https://github.com/pytorch/pytorch/blob/main/SECURITY.md#untrusted-models for more details). In a future release, the default value for `weights_only` will be flipped to `True`. This limits the functions that could be executed during unpickling. Arbitrary objects will no longer be allowed to be loaded via this mode unless they are explicitly allowlisted by the user via `torch.serialization.add_safe_globals`. We recommend you start setting `weights_only=True` for any use case where you don't have full control of the loaded file. Please open an issue on GitHub for any issues related to this experimental feature.
  model_A.load_state_dict(torch.load(model_A_path))
/work/courses/3dv/24/clmm/src/test_curve_merging_mlp.py:92: FutureWarning: You are using `torch.load` with `weights_only=False` (the current default value), which uses the default pickle module implicitly. It is possible to construct malicious pickle data which will execute arbitrary code during unpickling (See https://github.com/pytorch/pytorch/blob/main/SECURITY.md#untrusted-models for more details). In a future release, the default value for `weights_only` will be flipped to `True`. This limits the functions that could be executed during unpickling. Arbitrary objects will no longer be allowed to be loaded via this mode unless they are explicitly allowlisted by the user via `torch.serialization.add_safe_globals`. We recommend you start setting `weights_only=True` for any use case where you don't have full control of the loaded file. Please open an issue on GitHub for any issues related to this experimental feature.
  model_B.load_state_dict(torch.load(model_B_path))
Using device: cuda
Loaded CIFAR10.
Files already downloaded and verified
Files already downloaded and verified
Using the heterogeneous data-split setup with class dog.
Loading pre-trained models...
wandb: Using wandb-core as the SDK backend.  Please refer to https://wandb.me/wandb-core for more information.
wandb: Currently logged in as: gdgvn (Continual_Learning-DAL) to https://api.wandb.ai. Use `wandb login --relogin` to force relogin
wandb: Tracking run with wandb version 0.19.9
wandb: Run data is saved locally in /work/courses/3dv/24/clmm/wandb/run-20250421_175712-6m8il03l
wandb: Run `wandb offline` to turn off syncing.
wandb: Syncing run lively-galaxy-5
wandb: ⭐️ View project at https://wandb.ai/Continual_Learning-DAL/Model%20Path%20Fusion%20for%20Continual%20Learning
wandb: 🚀 View run at https://wandb.ai/Continual_Learning-DAL/Model%20Path%20Fusion%20for%20Continual%20Learning/runs/6m8il03l
Model A accuracy: 34.90%
Model B accuracy: 38.33%
Merging models using CurveMLP...
/work/courses/3dv/24/clmm/src/curves_MLP.py:115: FutureWarning: `torch.nn.utils.stateless.functional_call` is deprecated as of PyTorch 2.0 and will be removed in a future version of PyTorch. Please use `torch.func.functional_call` instead which is a drop-in replacement.
  outputs    = functional_call(model1, interp_state, (inputs,))
Epoch: 0, Batch: 0, Loss: 2.2503
Epoch: 0, Batch: 100, Loss: 1.7700
Epoch: 0, Batch: 200, Loss: 1.6264
Epoch: 0, Batch: 300, Loss: 1.6289
Epoch: 0, Average Loss: 1.7732, Accuracy: 36.76%
Epoch: 1, Batch: 0, Loss: 1.7115
Epoch: 1, Batch: 100, Loss: 1.5211
Epoch: 1, Batch: 200, Loss: 1.5626
Epoch: 1, Batch: 300, Loss: 1.5731
Epoch: 1, Average Loss: 1.5838, Accuracy: 43.14%
Epoch: 2, Batch: 0, Loss: 1.4491
Epoch: 2, Batch: 100, Loss: 1.4911
Epoch: 2, Batch: 200, Loss: 1.5471
Epoch: 2, Batch: 300, Loss: 1.4291
Epoch: 2, Average Loss: 1.5500, Accuracy: 44.07%
Epoch: 3, Batch: 0, Loss: 1.5787
Epoch: 3, Batch: 100, Loss: 1.4079
Epoch: 3, Batch: 200, Loss: 1.6893
Epoch: 3, Batch: 300, Loss: 1.4106
Epoch: 3, Average Loss: 1.5273, Accuracy: 44.85%
Epoch: 4, Batch: 0, Loss: 1.3516
Epoch: 4, Batch: 100, Loss: 1.6221
Epoch: 4, Batch: 200, Loss: 1.4319
Epoch: 4, Batch: 300, Loss: 1.6020
Epoch: 4, Average Loss: 1.5117, Accuracy: 45.50%
Epoch: 5, Batch: 0, Loss: 1.5674
Epoch: 5, Batch: 100, Loss: 1.4932
Epoch: 5, Batch: 200, Loss: 1.5588
Epoch: 5, Batch: 300, Loss: 1.4534
Epoch: 5, Average Loss: 1.4975, Accuracy: 45.79%
Epoch: 6, Batch: 0, Loss: 1.4465
Epoch: 6, Batch: 100, Loss: 1.7188
Epoch: 6, Batch: 200, Loss: 1.4374
Epoch: 6, Batch: 300, Loss: 1.5166
Epoch: 6, Average Loss: 1.4833, Accuracy: 46.56%
Epoch: 7, Batch: 0, Loss: 1.5070
Epoch: 7, Batch: 100, Loss: 1.4838
Epoch: 7, Batch: 200, Loss: 1.4123
Epoch: 7, Batch: 300, Loss: 1.4310
Epoch: 7, Average Loss: 1.4762, Accuracy: 46.85%
Epoch: 8, Batch: 0, Loss: 1.5367
Epoch: 8, Batch: 100, Loss: 1.3893
Epoch: 8, Batch: 200, Loss: 1.5766
Epoch: 8, Batch: 300, Loss: 1.4756
Epoch: 8, Average Loss: 1.4684, Accuracy: 47.00%
Epoch: 9, Batch: 0, Loss: 1.4838
Epoch: 9, Batch: 100, Loss: 1.4219
Epoch: 9, Batch: 200, Loss: 1.4744
Epoch: 9, Batch: 300, Loss: 1.5322
Epoch: 9, Average Loss: 1.4630, Accuracy: 46.96%
Models saved to checkpoints directory
[1;34mwandb[0m: 
[1;34mwandb[0m: 🚀 View run [33mlively-galaxy-5[0m at: [34mhttps://wandb.ai/Continual_Learning-DAL/Model%20Path%20Fusion%20for%20Continual%20Learning/runs/6m8il03l[0m
[1;34mwandb[0m: Find logs at: [1;35mwandb/run-20250421_175712-6m8il03l/logs[0m
